{
    "Mus musculus - expression table - contrasts + blocking factors": {
        "content": [
            {
                "0": [
                    [
                        {
                            "id": "treatment_mCherry_hND6",
                            "contrast_variable": "treatment",
                            "reference": "mCherry",
                            "target": "hND6",
                            "blocking_factors": "sample_number"
                        },
                        "treatment_mCherry_hND6.dream.results.tsv:md5,bd28cb586bb40ad9f0b7069cb3ada0a2"
                    ]
                ],
                "1": [
                    [
                        {
                            "id": "treatment_mCherry_hND6",
                            "contrast_variable": "treatment",
                            "reference": "mCherry",
                            "target": "hND6",
                            "blocking_factors": "sample_number"
                        },
                        "treatment_mCherry_hND6.dream.mean_difference.png:md5,0d1c235cca14dcf75af4ef6cb66247ae"
                    ]
                ],
                "2": [
                    [
                        {
                            "id": "treatment_mCherry_hND6",
                            "contrast_variable": "treatment",
                            "reference": "mCherry",
                            "target": "hND6",
                            "blocking_factors": "sample_number"
                        },
                        "treatment_mCherry_hND6.MArrayMM.dream.rds:md5,9197daf020341f1fc92636c762cb40e0"
                    ]
                ],
                "3": [
                    [
                        {
                            "id": "treatment_mCherry_hND6",
                            "contrast_variable": "treatment",
                            "reference": "mCherry",
                            "target": "hND6",
                            "blocking_factors": "sample_number"
                        },
                        "treatment_mCherry_hND6.dream.model.txt:md5,d2113d82b76046c319e6602da2ad74d6"
                    ]
                ],
                "4": [
                    [
                        {
                            "id": "treatment_mCherry_hND6",
                            "contrast_variable": "treatment",
                            "reference": "mCherry",
                            "target": "hND6",
                            "blocking_factors": "sample_number"
                        },
                        "treatment_mCherry_hND6.dream.contrasts_plot.png:md5,1fab14c3a7fb300bc6d8e693ef75cf27"
                    ]
                ],
                "5": [
                    [
                        {
                            "id": "treatment_mCherry_hND6",
                            "contrast_variable": "treatment",
                            "reference": "mCherry",
                            "target": "hND6",
                            "blocking_factors": "sample_number"
                        },
                        "treatment_mCherry_hND6.R_sessionInfo.log:md5,e591353ef3f5d63a74889d57f7ce37c6"
                    ]
                ],
                "6": [
                    
                ],
                "7": [
                    "versions.yml:md5,56f3e82916abb64aa39ae9d008d71978"
                ],
                "contrasts_png": [
                    [
                        {
                            "id": "treatment_mCherry_hND6",
                            "contrast_variable": "treatment",
                            "reference": "mCherry",
                            "target": "hND6",
                            "blocking_factors": "sample_number"
                        },
                        "treatment_mCherry_hND6.dream.contrasts_plot.png:md5,1fab14c3a7fb300bc6d8e693ef75cf27"
                    ]
                ],
                "md_plot": [
                    [
                        {
                            "id": "treatment_mCherry_hND6",
                            "contrast_variable": "treatment",
                            "reference": "mCherry",
                            "target": "hND6",
                            "blocking_factors": "sample_number"
                        },
                        "treatment_mCherry_hND6.dream.mean_difference.png:md5,0d1c235cca14dcf75af4ef6cb66247ae"
                    ]
                ],
                "model": [
                    [
                        {
                            "id": "treatment_mCherry_hND6",
                            "contrast_variable": "treatment",
                            "reference": "mCherry",
                            "target": "hND6",
                            "blocking_factors": "sample_number"
                        },
                        "treatment_mCherry_hND6.dream.model.txt:md5,d2113d82b76046c319e6602da2ad74d6"
                    ]
                ],
                "normalised_counts": [
                    
                ],
                "rdata": [
                    [
                        {
                            "id": "treatment_mCherry_hND6",
                            "contrast_variable": "treatment",
                            "reference": "mCherry",
                            "target": "hND6",
                            "blocking_factors": "sample_number"
                        },
                        "treatment_mCherry_hND6.MArrayMM.dream.rds:md5,9197daf020341f1fc92636c762cb40e0"
                    ]
                ],
                "results": [
                    [
                        {
                            "id": "treatment_mCherry_hND6",
                            "contrast_variable": "treatment",
                            "reference": "mCherry",
                            "target": "hND6",
                            "blocking_factors": "sample_number"
                        },
                        "treatment_mCherry_hND6.dream.results.tsv:md5,bd28cb586bb40ad9f0b7069cb3ada0a2"
                    ]
                ],
                "session_info": [
                    [
                        {
                            "id": "treatment_mCherry_hND6",
                            "contrast_variable": "treatment",
                            "reference": "mCherry",
                            "target": "hND6",
                            "blocking_factors": "sample_number"
                        },
                        "treatment_mCherry_hND6.R_sessionInfo.log:md5,e591353ef3f5d63a74889d57f7ce37c6"
                    ]
                ],
                "versions": [
                    "versions.yml:md5,56f3e82916abb64aa39ae9d008d71978"
                ]
            }
        ],
        "meta": {
            "nf-test": "0.9.2",
            "nextflow": "24.10.3"
        },
        "timestamp": "2024-12-27T18:45:31.211486573"
    },
    "Mus musculus - expression table - contrasts + blocking factors stub": {
        "content": [
            {
                "0": [
                    [
                        {
                            "id": "treatment_mCherry_hND6",
                            "contrast_variable": "treatment",
                            "reference": "mCherry",
                            "target": "hND6",
                            "blocking_factors": "sample_number"
                        },
                        "treatment_mCherry_hND6.dream.results.tsv:md5,d41d8cd98f00b204e9800998ecf8427e"
                    ]
                ],
                "1": [
                    [
                        {
                            "id": "treatment_mCherry_hND6",
                            "contrast_variable": "treatment",
                            "reference": "mCherry",
                            "target": "hND6",
                            "blocking_factors": "sample_number"
                        },
                        "treatment_mCherry_hND6.dream.mean_difference.png:md5,d41d8cd98f00b204e9800998ecf8427e"
                    ]
                ],
                "2": [
                    [
                        {
                            "id": "treatment_mCherry_hND6",
                            "contrast_variable": "treatment",
                            "reference": "mCherry",
                            "target": "hND6",
                            "blocking_factors": "sample_number"
                        },
                        "treatment_mCherry_hND6.MArrayMM.dream.rds:md5,d41d8cd98f00b204e9800998ecf8427e"
                    ]
                ],
                "3": [
                    [
                        {
                            "id": "treatment_mCherry_hND6",
                            "contrast_variable": "treatment",
                            "reference": "mCherry",
                            "target": "hND6",
                            "blocking_factors": "sample_number"
                        },
                        "treatment_mCherry_hND6.dream.model.txt:md5,d41d8cd98f00b204e9800998ecf8427e"
                    ]
                ],
                "4": [
                    [
                        {
                            "id": "treatment_mCherry_hND6",
                            "contrast_variable": "treatment",
                            "reference": "mCherry",
                            "target": "hND6",
                            "blocking_factors": "sample_number"
                        },
                        "treatment_mCherry_hND6.dream.contrasts_plot.png:md5,d41d8cd98f00b204e9800998ecf8427e"
                    ]
                ],
                "5": [
                    [
                        {
                            "id": "treatment_mCherry_hND6",
                            "contrast_variable": "treatment",
                            "reference": "mCherry",
                            "target": "hND6",
                            "blocking_factors": "sample_number"
                        },
                        "treatment_mCherry_hND6.R_sessionInfo.log:md5,d41d8cd98f00b204e9800998ecf8427e"
                    ]
                ],
                "6": [
                    
                ],
                "7": [
                    "versions.yml:md5,8338b523d0f508917db713c8a0cb7fdf"
                ],
                "contrasts_png": [
                    [
                        {
                            "id": "treatment_mCherry_hND6",
                            "contrast_variable": "treatment",
                            "reference": "mCherry",
                            "target": "hND6",
                            "blocking_factors": "sample_number"
                        },
                        "treatment_mCherry_hND6.dream.contrasts_plot.png:md5,d41d8cd98f00b204e9800998ecf8427e"
                    ]
                ],
                "md_plot": [
                    [
                        {
                            "id": "treatment_mCherry_hND6",
                            "contrast_variable": "treatment",
                            "reference": "mCherry",
                            "target": "hND6",
                            "blocking_factors": "sample_number"
                        },
                        "treatment_mCherry_hND6.dream.mean_difference.png:md5,d41d8cd98f00b204e9800998ecf8427e"
                    ]
                ],
                "model": [
                    [
                        {
                            "id": "treatment_mCherry_hND6",
                            "contrast_variable": "treatment",
                            "reference": "mCherry",
                            "target": "hND6",
                            "blocking_factors": "sample_number"
                        },
                        "treatment_mCherry_hND6.dream.model.txt:md5,d41d8cd98f00b204e9800998ecf8427e"
                    ]
                ],
                "normalised_counts": [
                    
                ],
                "rdata": [
                    [
                        {
                            "id": "treatment_mCherry_hND6",
                            "contrast_variable": "treatment",
                            "reference": "mCherry",
                            "target": "hND6",
                            "blocking_factors": "sample_number"
                        },
                        "treatment_mCherry_hND6.MArrayMM.dream.rds:md5,d41d8cd98f00b204e9800998ecf8427e"
                    ]
                ],
                "results": [
                    [
                        {
                            "id": "treatment_mCherry_hND6",
                            "contrast_variable": "treatment",
                            "reference": "mCherry",
                            "target": "hND6",
                            "blocking_factors": "sample_number"
                        },
                        "treatment_mCherry_hND6.dream.results.tsv:md5,d41d8cd98f00b204e9800998ecf8427e"
                    ]
                ],
                "session_info": [
                    [
                        {
                            "id": "treatment_mCherry_hND6",
                            "contrast_variable": "treatment",
                            "reference": "mCherry",
                            "target": "hND6",
                            "blocking_factors": "sample_number"
                        },
                        "treatment_mCherry_hND6.R_sessionInfo.log:md5,d41d8cd98f00b204e9800998ecf8427e"
                    ]
                ],
                "versions": [
                    "versions.yml:md5,8338b523d0f508917db713c8a0cb7fdf"
                ]
            }
        ],
        "meta": {
            "nf-test": "0.9.2",
            "nextflow": "24.10.3"
        },
        "timestamp": "2024-12-27T18:46:04.900211679"
    },
    "Mus musculus - expression table - contrasts": {
        "content": [
            {
                "0": [
                    [
                        {
                            "id": "treatment_mCherry_hND6",
                            "contrast_variable": "treatment",
                            "reference": "mCherry",
                            "target": "hND6",
                            "blocking_factors": null
                        },
                        "treatment_mCherry_hND6.dream.results.tsv:md5,bd28cb586bb40ad9f0b7069cb3ada0a2"
                    ]
                ],
                "1": [
                    [
                        {
                            "id": "treatment_mCherry_hND6",
                            "contrast_variable": "treatment",
                            "reference": "mCherry",
                            "target": "hND6",
                            "blocking_factors": null
                        },
                        "treatment_mCherry_hND6.dream.mean_difference.png:md5,0d1c235cca14dcf75af4ef6cb66247ae"
                    ]
                ],
                "2": [
                    [
                        {
                            "id": "treatment_mCherry_hND6",
                            "contrast_variable": "treatment",
                            "reference": "mCherry",
                            "target": "hND6",
                            "blocking_factors": null
                        },
                        "treatment_mCherry_hND6.MArrayMM.dream.rds:md5,9197daf020341f1fc92636c762cb40e0"
                    ]
                ],
                "3": [
                    [
                        {
                            "id": "treatment_mCherry_hND6",
                            "contrast_variable": "treatment",
                            "reference": "mCherry",
                            "target": "hND6",
                            "blocking_factors": null
                        },
                        "treatment_mCherry_hND6.dream.model.txt:md5,d2113d82b76046c319e6602da2ad74d6"
                    ]
                ],
                "4": [
                    [
                        {
                            "id": "treatment_mCherry_hND6",
                            "contrast_variable": "treatment",
                            "reference": "mCherry",
                            "target": "hND6",
                            "blocking_factors": null
                        },
                        "treatment_mCherry_hND6.dream.contrasts_plot.png:md5,1fab14c3a7fb300bc6d8e693ef75cf27"
                    ]
                ],
                "5": [
                    [
                        {
                            "id": "treatment_mCherry_hND6",
                            "contrast_variable": "treatment",
                            "reference": "mCherry",
                            "target": "hND6",
                            "blocking_factors": null
                        },
                        "treatment_mCherry_hND6.R_sessionInfo.log:md5,e591353ef3f5d63a74889d57f7ce37c6"
                    ]
                ],
                "6": [
                    
                ],
                "7": [
                    "versions.yml:md5,56f3e82916abb64aa39ae9d008d71978"
                ],
                "contrasts_png": [
                    [
                        {
                            "id": "treatment_mCherry_hND6",
                            "contrast_variable": "treatment",
                            "reference": "mCherry",
                            "target": "hND6",
                            "blocking_factors": null
                        },
                        "treatment_mCherry_hND6.dream.contrasts_plot.png:md5,1fab14c3a7fb300bc6d8e693ef75cf27"
                    ]
                ],
                "md_plot": [
                    [
                        {
                            "id": "treatment_mCherry_hND6",
                            "contrast_variable": "treatment",
                            "reference": "mCherry",
                            "target": "hND6",
                            "blocking_factors": null
                        },
                        "treatment_mCherry_hND6.dream.mean_difference.png:md5,0d1c235cca14dcf75af4ef6cb66247ae"
                    ]
                ],
                "model": [
                    [
                        {
                            "id": "treatment_mCherry_hND6",
                            "contrast_variable": "treatment",
                            "reference": "mCherry",
                            "target": "hND6",
                            "blocking_factors": null
                        },
                        "treatment_mCherry_hND6.dream.model.txt:md5,d2113d82b76046c319e6602da2ad74d6"
                    ]
                ],
                "normalised_counts": [
                    
                ],
                "rdata": [
                    [
                        {
                            "id": "treatment_mCherry_hND6",
                            "contrast_variable": "treatment",
                            "reference": "mCherry",
                            "target": "hND6",
                            "blocking_factors": null
                        },
                        "treatment_mCherry_hND6.MArrayMM.dream.rds:md5,9197daf020341f1fc92636c762cb40e0"
                    ]
                ],
                "results": [
                    [
                        {
                            "id": "treatment_mCherry_hND6",
                            "contrast_variable": "treatment",
                            "reference": "mCherry",
                            "target": "hND6",
                            "blocking_factors": null
                        },
                        "treatment_mCherry_hND6.dream.results.tsv:md5,bd28cb586bb40ad9f0b7069cb3ada0a2"
                    ]
                ],
                "session_info": [
                    [
                        {
                            "id": "treatment_mCherry_hND6",
                            "contrast_variable": "treatment",
                            "reference": "mCherry",
                            "target": "hND6",
                            "blocking_factors": null
                        },
                        "treatment_mCherry_hND6.R_sessionInfo.log:md5,e591353ef3f5d63a74889d57f7ce37c6"
                    ]
                ],
                "versions": [
                    "versions.yml:md5,56f3e82916abb64aa39ae9d008d71978"
                ]
            }
        ],
        "meta": {
            "nf-test": "0.9.2",
            "nextflow": "24.10.3"
        },
        "timestamp": "2024-12-27T18:44:52.310595802"
    }
}